Archive member included to satisfy reference by file (symbol)

E:/Toolchain/arm-gnu-toolchain-13.3.rel1-mingw-w64-i686-arm-none-eabi/bin/../lib/gcc/arm-none-eabi/13.3.1/thumb/v7e-m/nofp\libgcc.a(_aeabi_uldivmod.o)
                              CMakeFiles/CLion_LED_USART_SH1106.elf.dir/Drivers/STM32F4xx_HAL_Driver/Src/stm32f4xx_hal_rcc.c.obj (__aeabi_uldivmod)
E:/Toolchain/arm-gnu-toolchain-13.3.rel1-mingw-w64-i686-arm-none-eabi/bin/../lib/gcc/arm-none-eabi/13.3.1/thumb/v7e-m/nofp\libgcc.a(_udivmoddi4.o)
                              E:/Toolchain/arm-gnu-toolchain-13.3.rel1-mingw-w64-i686-arm-none-eabi/bin/../lib/gcc/arm-none-eabi/13.3.1/thumb/v7e-m/nofp\libgcc.a(_aeabi_uldivmod.o) (__udivmoddi4)
E:/Toolchain/arm-gnu-toolchain-13.3.rel1-mingw-w64-i686-arm-none-eabi/bin/../lib/gcc/arm-none-eabi/13.3.1/thumb/v7e-m/nofp\libgcc.a(_dvmd_tls.o)
                              E:/Toolchain/arm-gnu-toolchain-13.3.rel1-mingw-w64-i686-arm-none-eabi/bin/../lib/gcc/arm-none-eabi/13.3.1/thumb/v7e-m/nofp\libgcc.a(_aeabi_uldivmod.o) (__aeabi_ldiv0)
E:/Toolchain/arm-gnu-toolchain-13.3.rel1-mingw-w64-i686-arm-none-eabi/bin/../lib/gcc/arm-none-eabi/13.3.1/thumb/v7e-m/nofp\libg.a(libc_a-exit.o)
                              E:/Toolchain/arm-gnu-toolchain-13.3.rel1-mingw-w64-i686-arm-none-eabi/bin/../lib/gcc/arm-none-eabi/13.3.1/thumb/v7e-m/nofp/crt0.o (exit)
E:/Toolchain/arm-gnu-toolchain-13.3.rel1-mingw-w64-i686-arm-none-eabi/bin/../lib/gcc/arm-none-eabi/13.3.1/thumb/v7e-m/nofp\libg.a(libc_a-findfp.o)
                              E:/Toolchain/arm-gnu-toolchain-13.3.rel1-mingw-w64-i686-arm-none-eabi/bin/../lib/gcc/arm-none-eabi/13.3.1/thumb/v7e-m/nofp\libg.a(libc_a-exit.o) (__stdio_exit_handler)
E:/Toolchain/arm-gnu-toolchain-13.3.rel1-mingw-w64-i686-arm-none-eabi/bin/../lib/gcc/arm-none-eabi/13.3.1/thumb/v7e-m/nofp\libg.a(libc_a-fwalk.o)
                              E:/Toolchain/arm-gnu-toolchain-13.3.rel1-mingw-w64-i686-arm-none-eabi/bin/../lib/gcc/arm-none-eabi/13.3.1/thumb/v7e-m/nofp\libg.a(libc_a-findfp.o) (_fwalk_sglue)
E:/Toolchain/arm-gnu-toolchain-13.3.rel1-mingw-w64-i686-arm-none-eabi/bin/../lib/gcc/arm-none-eabi/13.3.1/thumb/v7e-m/nofp\libg.a(libc_a-stdio.o)
                              E:/Toolchain/arm-gnu-toolchain-13.3.rel1-mingw-w64-i686-arm-none-eabi/bin/../lib/gcc/arm-none-eabi/13.3.1/thumb/v7e-m/nofp\libg.a(libc_a-findfp.o) (__sread)
E:/Toolchain/arm-gnu-toolchain-13.3.rel1-mingw-w64-i686-arm-none-eabi/bin/../lib/gcc/arm-none-eabi/13.3.1/thumb/v7e-m/nofp\libg.a(libc_a-memset.o)
                              E:/Toolchain/arm-gnu-toolchain-13.3.rel1-mingw-w64-i686-arm-none-eabi/bin/../lib/gcc/arm-none-eabi/13.3.1/thumb/v7e-m/nofp/crt0.o (memset)
E:/Toolchain/arm-gnu-toolchain-13.3.rel1-mingw-w64-i686-arm-none-eabi/bin/../lib/gcc/arm-none-eabi/13.3.1/thumb/v7e-m/nofp\libg.a(libc_a-closer.o)
                              E:/Toolchain/arm-gnu-toolchain-13.3.rel1-mingw-w64-i686-arm-none-eabi/bin/../lib/gcc/arm-none-eabi/13.3.1/thumb/v7e-m/nofp\libg.a(libc_a-stdio.o) (_close_r)
E:/Toolchain/arm-gnu-toolchain-13.3.rel1-mingw-w64-i686-arm-none-eabi/bin/../lib/gcc/arm-none-eabi/13.3.1/thumb/v7e-m/nofp\libg.a(libc_a-reent.o)
                              E:/Toolchain/arm-gnu-toolchain-13.3.rel1-mingw-w64-i686-arm-none-eabi/bin/../lib/gcc/arm-none-eabi/13.3.1/thumb/v7e-m/nofp\libg.a(libc_a-closer.o) (errno)
E:/Toolchain/arm-gnu-toolchain-13.3.rel1-mingw-w64-i686-arm-none-eabi/bin/../lib/gcc/arm-none-eabi/13.3.1/thumb/v7e-m/nofp\libg.a(libc_a-impure.o)
                              E:/Toolchain/arm-gnu-toolchain-13.3.rel1-mingw-w64-i686-arm-none-eabi/bin/../lib/gcc/arm-none-eabi/13.3.1/thumb/v7e-m/nofp\libg.a(libc_a-reent.o) (_impure_ptr)
E:/Toolchain/arm-gnu-toolchain-13.3.rel1-mingw-w64-i686-arm-none-eabi/bin/../lib/gcc/arm-none-eabi/13.3.1/thumb/v7e-m/nofp\libg.a(libc_a-lseekr.o)
                              E:/Toolchain/arm-gnu-toolchain-13.3.rel1-mingw-w64-i686-arm-none-eabi/bin/../lib/gcc/arm-none-eabi/13.3.1/thumb/v7e-m/nofp\libg.a(libc_a-stdio.o) (_lseek_r)
E:/Toolchain/arm-gnu-toolchain-13.3.rel1-mingw-w64-i686-arm-none-eabi/bin/../lib/gcc/arm-none-eabi/13.3.1/thumb/v7e-m/nofp\libg.a(libc_a-readr.o)
                              E:/Toolchain/arm-gnu-toolchain-13.3.rel1-mingw-w64-i686-arm-none-eabi/bin/../lib/gcc/arm-none-eabi/13.3.1/thumb/v7e-m/nofp\libg.a(libc_a-stdio.o) (_read_r)
E:/Toolchain/arm-gnu-toolchain-13.3.rel1-mingw-w64-i686-arm-none-eabi/bin/../lib/gcc/arm-none-eabi/13.3.1/thumb/v7e-m/nofp\libg.a(libc_a-writer.o)
                              E:/Toolchain/arm-gnu-toolchain-13.3.rel1-mingw-w64-i686-arm-none-eabi/bin/../lib/gcc/arm-none-eabi/13.3.1/thumb/v7e-m/nofp\libg.a(libc_a-stdio.o) (_write_r)
E:/Toolchain/arm-gnu-toolchain-13.3.rel1-mingw-w64-i686-arm-none-eabi/bin/../lib/gcc/arm-none-eabi/13.3.1/thumb/v7e-m/nofp\libg.a(libc_a-errno.o)
                              CMakeFiles/CLion_LED_USART_SH1106.elf.dir/Core/Src/syscalls.c.obj (__errno)
[...]
Memory Configuration

Name             Origin             Length             Attributes
CCMRAM           0x10000000         0x00010000         xrw
RAM              0x20000000         0x00020000         xrw
FLASH            0x08000000         0x00080000         xr
*default*        0x00000000         0xffffffff

Linker script and memory map

LOAD E:/Toolchain/arm-gnu-toolchain-13.3.rel1-mingw-w64-i686-arm-none-eabi/bin/../lib/gcc/arm-none-eabi/13.3.1/thumb/v7e-m/nofp/crti.o
LOAD E:/Toolchain/arm-gnu-toolchain-13.3.rel1-mingw-w64-i686-arm-none-eabi/bin/../lib/gcc/arm-none-eabi/13.3.1/thumb/v7e-m/nofp/crtbegin.o
LOAD E:/Toolchain/arm-gnu-toolchain-13.3.rel1-mingw-w64-i686-arm-none-eabi/bin/../lib/gcc/arm-none-eabi/13.3.1/thumb/v7e-m/nofp/crt0.o
LOAD CMakeFiles/CLion_LED_USART_SH1106.elf.dir/Core/Src/gpio.c.obj
LOAD CMakeFiles/CLion_LED_USART_SH1106.elf.dir/Core/Src/main.c.obj
LOAD CMakeFiles/CLion_LED_USART_SH1106.elf.dir/Core/Src/spi.c.obj
LOAD CMakeFiles/CLion_LED_USART_SH1106.elf.dir/Core/Src/stm32f4xx_hal_msp.c.obj
LOAD CMakeFiles/CLion_LED_USART_SH1106.elf.dir/Core/Src/stm32f4xx_it.c.obj
LOAD CMakeFiles/CLion_LED_USART_SH1106.elf.dir/Core/Src/syscalls.c.obj
LOAD CMakeFiles/CLion_LED_USART_SH1106.elf.dir/Core/Src/sysmem.c.obj
LOAD CMakeFiles/CLion_LED_USART_SH1106.elf.dir/Core/Src/system_stm32f4xx.c.obj
LOAD CMakeFiles/CLion_LED_USART_SH1106.elf.dir/Core/Src/usart.c.obj
LOAD CMakeFiles/CLion_LED_USART_SH1106.elf.dir/Core/Startup/startup_stm32f407vetx.s.obj
LOAD CMakeFiles/CLion_LED_USART_SH1106.elf.dir/Drivers/STM32F4xx_HAL_Driver/Src/stm32f4xx_hal.c.obj
LOAD CMakeFiles/CLion_LED_USART_SH1106.elf.dir/Drivers/STM32F4xx_HAL_Driver/Src/stm32f4xx_hal_cortex.c.obj
LOAD CMakeFiles/CLion_LED_USART_SH1106.elf.dir/Drivers/STM32F4xx_HAL_Driver/Src/stm32f4xx_hal_dma.c.obj
LOAD CMakeFiles/CLion_LED_USART_SH1106.elf.dir/Drivers/STM32F4xx_HAL_Driver/Src/stm32f4xx_hal_dma_ex.c.obj
LOAD CMakeFiles/CLion_LED_USART_SH1106.elf.dir/Drivers/STM32F4xx_HAL_Driver/Src/stm32f4xx_hal_exti.c.obj
LOAD CMakeFiles/CLion_LED_USART_SH1106.elf.dir/Drivers/STM32F4xx_HAL_Driver/Src/stm32f4xx_hal_flash.c.obj
LOAD CMakeFiles/CLion_LED_USART_SH1106.elf.dir/Drivers/STM32F4xx_HAL_Driver/Src/stm32f4xx_hal_flash_ex.c.obj
LOAD CMakeFiles/CLion_LED_USART_SH1106.elf.dir/Drivers/STM32F4xx_HAL_Driver/Src/stm32f4xx_hal_flash_ramfunc.c.obj
LOAD CMakeFiles/CLion_LED_USART_SH1106.elf.dir/Drivers/STM32F4xx_HAL_Driver/Src/stm32f4xx_hal_gpio.c.obj
LOAD CMakeFiles/CLion_LED_USART_SH1106.elf.dir/Drivers/STM32F4xx_HAL_Driver/Src/stm32f4xx_hal_pwr.c.obj
LOAD CMakeFiles/CLion_LED_USART_SH1106.elf.dir/Drivers/STM32F4xx_HAL_Driver/Src/stm32f4xx_hal_pwr_ex.c.obj
LOAD CMakeFiles/CLion_LED_USART_SH1106.elf.dir/Drivers/STM32F4xx_HAL_Driver/Src/stm32f4xx_hal_rcc.c.obj
LOAD CMakeFiles/CLion_LED_USART_SH1106.elf.dir/Drivers/STM32F4xx_HAL_Driver/Src/stm32f4xx_hal_rcc_ex.c.obj
LOAD CMakeFiles/CLion_LED_USART_SH1106.elf.dir/Drivers/STM32F4xx_HAL_Driver/Src/stm32f4xx_hal_spi.c.obj
LOAD CMakeFiles/CLion_LED_USART_SH1106.elf.dir/Drivers/STM32F4xx_HAL_Driver/Src/stm32f4xx_hal_tim.c.obj
LOAD CMakeFiles/CLion_LED_USART_SH1106.elf.dir/Drivers/STM32F4xx_HAL_Driver/Src/stm32f4xx_hal_tim_ex.c.obj
LOAD CMakeFiles/CLion_LED_USART_SH1106.elf.dir/Drivers/STM32F4xx_HAL_Driver/Src/stm32f4xx_hal_uart.c.obj
START GROUP
LOAD E:/Toolchain/arm-gnu-toolchain-13.3.rel1-mingw-w64-i686-arm-none-eabi/bin/../lib/gcc/arm-none-eabi/13.3.1/thumb/v7e-m/nofp\libgcc.a
LOAD E:/Toolchain/arm-gnu-toolchain-13.3.rel1-mingw-w64-i686-arm-none-eabi/bin/../lib/gcc/arm-none-eabi/13.3.1/thumb/v7e-m/nofp\libg.a
LOAD E:/Toolchain/arm-gnu-toolchain-13.3.rel1-mingw-w64-i686-arm-none-eabi/bin/../lib/gcc/arm-none-eabi/13.3.1/thumb/v7e-m/nofp\libc.a
END GROUP
LOAD E:/Toolchain/arm-gnu-toolchain-13.3.rel1-mingw-w64-i686-arm-none-eabi/bin/../lib/gcc/arm-none-eabi/13.3.1/thumb/v7e-m/nofp/crtend.o
LOAD E:/Toolchain/arm-gnu-toolchain-13.3.rel1-mingw-w64-i686-arm-none-eabi/bin/../lib/gcc/arm-none-eabi/13.3.1/thumb/v7e-m/nofp/crtn.o
                0x20020000                        _estack = (ORIGIN (RAM) + LENGTH (RAM))
                0x00000200                        _Min_Heap_Size = 0x200
                0x00000400                        _Min_Stack_Size = 0x400

.isr_vector     0x08000000      0x188
                0x08000000                        . = ALIGN (0x4)
 *(.isr_vector)
 .isr_vector    0x08000000      0x188 CMakeFiles/CLion_LED_USART_SH1106.elf.dir/Core/Startup/startup_stm32f407vetx.s.obj
                0x08000000                g_pfnVectors
                0x08000188                        . = ALIGN (0x4)

.text           0x08000188     0x1580
                0x08000188                        . = ALIGN (0x4)
 *(.text)
 .text          0x08000188       0x30 E:/Toolchain/arm-gnu-toolchain-13.3.rel1-mingw-w64-i686-arm-none-eabi/bin/../lib/gcc/arm-none-eabi/13.3.1/thumb/v7e-m/nofp\libgcc.a(_aeabi_uldivmod.o)
                0x08000188                __aeabi_uldivmod
 .text          0x080001b8        0x4 E:/Toolchain/arm-gnu-toolchain-13.3.rel1-mingw-w64-i686-arm-none-eabi/bin/../lib/gcc/arm-none-eabi/13.3.1/thumb/v7e-m/nofp\libgcc.a(_dvmd_tls.o)
                0x080001b8                __aeabi_idiv0
                0x080001b8                __aeabi_ldiv0
 *(.text*)
 .text.deregister_tm_clones
                0x080001bc       0x1c E:/Toolchain/arm-gnu-toolchain-13.3.rel1-mingw-w64-i686-arm-none-eabi/bin/../lib/gcc/arm-none-eabi/13.3.1/thumb/v7e-m/nofp/crtbegin.o
 .text.register_tm_clones
                0x080001d8       0x24 E:/Toolchain/arm-gnu-toolchain-13.3.rel1-mingw-w64-i686-arm-none-eabi/bin/../lib/gcc/arm-none-eabi/13.3.1/thumb/v7e-m/nofp/crtbegin.o
 .text.__do_global_dtors_aux
                0x080001fc       0x28 E:/Toolchain/arm-gnu-toolchain-13.3.rel1-mingw-w64-i686-arm-none-eabi/bin/../lib/gcc/arm-none-eabi/13.3.1/thumb/v7e-m/nofp/crtbegin.o
 .text.frame_dummy
                0x08000224       0x24 E:/Toolchain/arm-gnu-toolchain-13.3.rel1-mingw-w64-i686-arm-none-eabi/bin/../lib/gcc/arm-none-eabi/13.3.1/thumb/v7e-m/nofp/crtbegin.o
 .text.MX_GPIO_Init
                0x08000248       0xec CMakeFiles/CLion_LED_USART_SH1106.elf.dir/Core/Src/gpio.c.obj
                0x08000248                MX_GPIO_Init
 .text.Error_Handler
                0x08000334        0x4 CMakeFiles/CLion_LED_USART_SH1106.elf.dir/Core/Src/main.c.obj
                0x08000334                Error_Handler
 .text.SystemClock_Config
                0x08000338       0xa4 CMakeFiles/CLion_LED_USART_SH1106.elf.dir/Core/Src/main.c.obj
                0x08000338                SystemClock_Config
 .text.main     0x080003dc       0x2c CMakeFiles/CLion_LED_USART_SH1106.elf.dir/Core/Src/main.c.obj
                0x080003dc                main
 .text.MX_SPI1_Init
                0x08000408       0x44 CMakeFiles/CLion_LED_USART_SH1106.elf.dir/Core/Src/spi.c.obj
                0x08000408                MX_SPI1_Init
 .text.HAL_SPI_MspInit
                0x0800044c       0x70 CMakeFiles/CLion_LED_USART_SH1106.elf.dir/Core/Src/spi.c.obj
                0x0800044c                HAL_SPI_MspInit
 .text.HAL_MspInit
                0x080004bc       0x38 CMakeFiles/CLion_LED_USART_SH1106.elf.dir/Core/Src/stm32f4xx_hal_msp.c.obj
                0x080004bc                HAL_MspInit
 .text.NMI_Handler
                0x080004f4        0x2 CMakeFiles/CLion_LED_USART_SH1106.elf.dir/Core/Src/stm32f4xx_it.c.obj
                0x080004f4                NMI_Handler
 .text.HardFault_Handler
                0x080004f6        0x2 CMakeFiles/CLion_LED_USART_SH1106.elf.dir/Core/Src/stm32f4xx_it.c.obj
                0x080004f6                HardFault_Handler
 .text.MemManage_Handler
                0x080004f8        0x2 CMakeFiles/CLion_LED_USART_SH1106.elf.dir/Core/Src/stm32f4xx_it.c.obj
                0x080004f8                MemManage_Handler
 .text.BusFault_Handler
                0x080004fa        0x2 CMakeFiles/CLion_LED_USART_SH1106.elf.dir/Core/Src/stm32f4xx_it.c.obj
                0x080004fa                BusFault_Handler
 .text.UsageFault_Handler
                0x080004fc        0x2 CMakeFiles/CLion_LED_USART_SH1106.elf.dir/Core/Src/stm32f4xx_it.c.obj
                0x080004fc                UsageFault_Handler
 .text.SVC_Handler
                0x080004fe        0x2 CMakeFiles/CLion_LED_USART_SH1106.elf.dir/Core/Src/stm32f4xx_it.c.obj
                0x080004fe                SVC_Handler
 .text.DebugMon_Handler
                0x08000500        0x2 CMakeFiles/CLion_LED_USART_SH1106.elf.dir/Core/Src/stm32f4xx_it.c.obj
                0x08000500                DebugMon_Handler
 .text.PendSV_Handler
                0x08000502        0x2 CMakeFiles/CLion_LED_USART_SH1106.elf.dir/Core/Src/stm32f4xx_it.c.obj
                0x08000502                PendSV_Handler
 .text.SysTick_Handler
                0x08000504        0x8 CMakeFiles/CLion_LED_USART_SH1106.elf.dir/Core/Src/stm32f4xx_it.c.obj
                0x08000504                SysTick_Handler
 .text.SystemInit
                0x0800050c        0x2 CMakeFiles/CLion_LED_USART_SH1106.elf.dir/Core/Src/system_stm32f4xx.c.obj
                0x0800050c                SystemInit
 *fill*         0x0800050e        0x2 
 .text.MX_USART1_UART_Init
                0x08000510       0x34 CMakeFiles/CLion_LED_USART_SH1106.elf.dir/Core/Src/usart.c.obj
                0x08000510                MX_USART1_UART_Init
 .text.HAL_UART_MspInit
                0x08000544       0x74 CMakeFiles/CLion_LED_USART_SH1106.elf.dir/Core/Src/usart.c.obj
                0x08000544                HAL_UART_MspInit
 .text.Reset_Handler
                0x080005b8       0x50 CMakeFiles/CLion_LED_USART_SH1106.elf.dir/Core/Startup/startup_stm32f407vetx.s.obj
                0x080005b8                Reset_Handler
 .text.Default_Handler
                0x08000608        0x2 CMakeFiles/CLion_LED_USART_SH1106.elf.dir/Core/Startup/startup_stm32f407vetx.s.obj
                0x08000608                RTC_Alarm_IRQHandler
                0x08000608                HASH_RNG_IRQHandler
                0x08000608                EXTI2_IRQHandler
                0x08000608                TIM8_CC_IRQHandler
                0x08000608                TIM1_CC_IRQHandler
                0x08000608                DMA2_Stream5_IRQHandler
                0x08000608                DMA1_Stream5_IRQHandler
                0x08000608                PVD_IRQHandler
                0x08000608                SDIO_IRQHandler
                0x08000608                TAMP_STAMP_IRQHandler
                0x08000608                CAN2_RX1_IRQHandler
                0x08000608                EXTI3_IRQHandler
                0x08000608                TIM8_TRG_COM_TIM14_IRQHandler
                0x08000608                TIM1_UP_TIM10_IRQHandler
                0x08000608                TIM8_UP_TIM13_IRQHandler
                0x08000608                I2C3_ER_IRQHandler
                0x08000608                EXTI0_IRQHandler
                0x08000608                I2C2_EV_IRQHandler
                0x08000608                DMA1_Stream2_IRQHandler
                0x08000608                CAN1_RX0_IRQHandler
                0x08000608                FPU_IRQHandler
                0x08000608                OTG_HS_WKUP_IRQHandler
                0x08000608                CAN2_SCE_IRQHandler
                0x08000608                DMA2_Stream2_IRQHandler
                0x08000608                SPI1_IRQHandler
                0x08000608                TIM6_DAC_IRQHandler
                0x08000608                TIM1_BRK_TIM9_IRQHandler
                0x08000608                DCMI_IRQHandler
                0x08000608                CAN2_RX0_IRQHandler
                0x08000608                DMA2_Stream3_IRQHandler
                0x08000608                USART6_IRQHandler
                0x08000608                USART3_IRQHandler
                0x08000608                CAN1_RX1_IRQHandler
                0x08000608                UART5_IRQHandler
                0x08000608                DMA2_Stream0_IRQHandler
                0x08000608                TIM4_IRQHandler
                0x08000608                I2C1_EV_IRQHandler
                0x08000608                DMA1_Stream6_IRQHandler
                0x08000608                DMA1_Stream1_IRQHandler
                0x08000608                UART4_IRQHandler
                0x08000608                TIM3_IRQHandler
                0x08000608                RCC_IRQHandler
                0x08000608                TIM8_BRK_TIM12_IRQHandler
                0x08000608                Default_Handler
                0x08000608                EXTI15_10_IRQHandler
                0x08000608                ADC_IRQHandler
                0x08000608                DMA1_Stream7_IRQHandler
                0x08000608                TIM7_IRQHandler
                0x08000608                CAN2_TX_IRQHandler
                0x08000608                TIM5_IRQHandler
                0x08000608                DMA2_Stream7_IRQHandler
                0x08000608                I2C3_EV_IRQHandler
                0x08000608                EXTI9_5_IRQHandler
                0x08000608                RTC_WKUP_IRQHandler
                0x08000608                ETH_WKUP_IRQHandler
                0x08000608                SPI2_IRQHandler
                0x08000608                OTG_HS_EP1_IN_IRQHandler
                0x08000608                DMA1_Stream0_IRQHandler
                0x08000608                CAN1_TX_IRQHandler
                0x08000608                EXTI4_IRQHandler
                0x08000608                FSMC_IRQHandler
                0x08000608                ETH_IRQHandler
                0x08000608                OTG_HS_EP1_OUT_IRQHandler
                0x08000608                WWDG_IRQHandler
                0x08000608                TIM2_IRQHandler
                0x08000608                OTG_FS_WKUP_IRQHandler
                0x08000608                TIM1_TRG_COM_TIM11_IRQHandler
                0x08000608                OTG_HS_IRQHandler
                0x08000608                EXTI1_IRQHandler
                0x08000608                USART2_IRQHandler
                0x08000608                I2C2_ER_IRQHandler
                0x08000608                DMA2_Stream1_IRQHandler
                0x08000608                CAN1_SCE_IRQHandler
                0x08000608                FLASH_IRQHandler
                0x08000608                DMA2_Stream4_IRQHandler
                0x08000608                USART1_IRQHandler
                0x08000608                OTG_FS_IRQHandler
                0x08000608                SPI3_IRQHandler
                0x08000608                DMA1_Stream4_IRQHandler
                0x08000608                I2C1_ER_IRQHandler
                0x08000608                DMA2_Stream6_IRQHandler
                0x08000608                DMA1_Stream3_IRQHandler
 *fill*         0x0800060a        0x2 
 .text.HAL_InitTick
                0x0800060c       0x4c CMakeFiles/CLion_LED_USART_SH1106.elf.dir/Drivers/STM32F4xx_HAL_Driver/Src/stm32f4xx_hal.c.obj
                0x0800060c                HAL_InitTick
 .text.HAL_Init
                0x08000658       0x34 CMakeFiles/CLion_LED_USART_SH1106.elf.dir/Drivers/STM32F4xx_HAL_Driver/Src/stm32f4xx_hal.c.obj
                0x08000658                HAL_Init
 .text.HAL_IncTick
                0x0800068c       0x18 CMakeFiles/CLion_LED_USART_SH1106.elf.dir/Drivers/STM32F4xx_HAL_Driver/Src/stm32f4xx_hal.c.obj
                0x0800068c                HAL_IncTick
 .text.HAL_GetTick
                0x080006a4        0xc CMakeFiles/CLion_LED_USART_SH1106.elf.dir/Drivers/STM32F4xx_HAL_Driver/Src/stm32f4xx_hal.c.obj
                0x080006a4                HAL_GetTick
 .text.HAL_Delay
                0x080006b0       0x28 CMakeFiles/CLion_LED_USART_SH1106.elf.dir/Drivers/STM32F4xx_HAL_Driver/Src/stm32f4xx_hal.c.obj
                0x080006b0                HAL_Delay
 .text.__NVIC_SetPriority
                0x080006d8       0x28 CMakeFiles/CLion_LED_USART_SH1106.elf.dir/Drivers/STM32F4xx_HAL_Driver/Src/stm32f4xx_hal_cortex.c.obj
 .text.NVIC_EncodePriority
                0x08000700       0x3e CMakeFiles/CLion_LED_USART_SH1106.elf.dir/Drivers/STM32F4xx_HAL_Driver/Src/stm32f4xx_hal_cortex.c.obj
 *fill*         0x0800073e        0x2 
 .text.HAL_NVIC_SetPriorityGrouping
                0x08000740       0x24 CMakeFiles/CLion_LED_USART_SH1106.elf.dir/Drivers/STM32F4xx_HAL_Driver/Src/stm32f4xx_hal_cortex.c.obj
                0x08000740                HAL_NVIC_SetPriorityGrouping
 .text.HAL_NVIC_SetPriority
                0x08000764       0x20 CMakeFiles/CLion_LED_USART_SH1106.elf.dir/Drivers/STM32F4xx_HAL_Driver/Src/stm32f4xx_hal_cortex.c.obj
                0x08000764                HAL_NVIC_SetPriority
 .text.HAL_SYSTICK_Config
                0x08000784       0x28 CMakeFiles/CLion_LED_USART_SH1106.elf.dir/Drivers/STM32F4xx_HAL_Driver/Src/stm32f4xx_hal_cortex.c.obj
                0x08000784                HAL_SYSTICK_Config
 .text.HAL_GPIO_Init
                0x080007ac      0x1f4 CMakeFiles/CLion_LED_USART_SH1106.elf.dir/Drivers/STM32F4xx_HAL_Driver/Src/stm32f4xx_hal_gpio.c.obj
                0x080007ac                HAL_GPIO_Init
 .text.HAL_GPIO_WritePin
                0x080009a0        0xc CMakeFiles/CLion_LED_USART_SH1106.elf.dir/Drivers/STM32F4xx_HAL_Driver/Src/stm32f4xx_hal_gpio.c.obj
                0x080009a0                HAL_GPIO_WritePin
 .text.HAL_GPIO_TogglePin
                0x080009ac       0x12 CMakeFiles/CLion_LED_USART_SH1106.elf.dir/Drivers/STM32F4xx_HAL_Driver/Src/stm32f4xx_hal_gpio.c.obj
                0x080009ac                HAL_GPIO_TogglePin
 *fill*         0x080009be        0x2 
 .text.HAL_RCC_OscConfig
                0x080009c0      0x3f8 CMakeFiles/CLion_LED_USART_SH1106.elf.dir/Drivers/STM32F4xx_HAL_Driver/Src/stm32f4xx_hal_rcc.c.obj
                0x080009c0                HAL_RCC_OscConfig
 .text.HAL_RCC_GetSysClockFreq
                0x08000db8       0xdc CMakeFiles/CLion_LED_USART_SH1106.elf.dir/Drivers/STM32F4xx_HAL_Driver/Src/stm32f4xx_hal_rcc.c.obj
                0x08000db8                HAL_RCC_GetSysClockFreq
 .text.HAL_RCC_ClockConfig
                0x08000e94      0x160 CMakeFiles/CLion_LED_USART_SH1106.elf.dir/Drivers/STM32F4xx_HAL_Driver/Src/stm32f4xx_hal_rcc.c.obj
                0x08000e94                HAL_RCC_ClockConfig
 .text.HAL_RCC_GetHCLKFreq
                0x08000ff4        0xc CMakeFiles/CLion_LED_USART_SH1106.elf.dir/Drivers/STM32F4xx_HAL_Driver/Src/stm32f4xx_hal_rcc.c.obj
                0x08000ff4                HAL_RCC_GetHCLKFreq
 .text.HAL_RCC_GetPCLK1Freq
                0x08001000       0x20 CMakeFiles/CLion_LED_USART_SH1106.elf.dir/Drivers/STM32F4xx_HAL_Driver/Src/stm32f4xx_hal_rcc.c.obj
                0x08001000                HAL_RCC_GetPCLK1Freq
 .text.HAL_RCC_GetPCLK2Freq
                0x08001020       0x20 CMakeFiles/CLion_LED_USART_SH1106.elf.dir/Drivers/STM32F4xx_HAL_Driver/Src/stm32f4xx_hal_rcc.c.obj
                0x08001020                HAL_RCC_GetPCLK2Freq
 .text.HAL_SPI_Init
                0x08001040       0xbe CMakeFiles/CLion_LED_USART_SH1106.elf.dir/Drivers/STM32F4xx_HAL_Driver/Src/stm32f4xx_hal_spi.c.obj
                0x08001040                HAL_SPI_Init
 *fill*         0x080010fe        0x2 
 .text.UART_SetConfig
                0x08001100      0x110 CMakeFiles/CLion_LED_USART_SH1106.elf.dir/Drivers/STM32F4xx_HAL_Driver/Src/stm32f4xx_hal_uart.c.obj
 .text.HAL_UART_Init
                0x08001210       0x60 CMakeFiles/CLion_LED_USART_SH1106.elf.dir/Drivers/STM32F4xx_HAL_Driver/Src/stm32f4xx_hal_uart.c.obj
                0x08001210                HAL_UART_Init
 .text.__udivmoddi4
                0x08001270      0x2bc E:/Toolchain/arm-gnu-toolchain-13.3.rel1-mingw-w64-i686-arm-none-eabi/bin/../lib/gcc/arm-none-eabi/13.3.1/thumb/v7e-m/nofp\libgcc.a(_udivmoddi4.o)
                0x08001270                __udivmoddi4
 .text.memset   0x0800152c       0xa4 E:/Toolchain/arm-gnu-toolchain-13.3.rel1-mingw-w64-i686-arm-none-eabi/bin/../lib/gcc/arm-none-eabi/13.3.1/thumb/v7e-m/nofp\libg.a(libc_a-memset.o)
                0x0800152c                memset
 .text.__libc_init_array
                0x080015d0       0x50 E:/Toolchain/arm-gnu-toolchain-13.3.rel1-mingw-w64-i686-arm-none-eabi/bin/../lib/gcc/arm-none-eabi/13.3.1/thumb/v7e-m/nofp\libg.a(libc_a-init.o)
                0x080015d0                __libc_init_array
 .text.__retarget_lock_acquire_recursive
                0x08001620        0x4 E:/Toolchain/arm-gnu-toolchain-13.3.rel1-mingw-w64-i686-arm-none-eabi/bin/../lib/gcc/arm-none-eabi/13.3.1/thumb/v7e-m/nofp\libg.a(libc_a-lock.o)
                0x08001620                __retarget_lock_acquire_recursive
 .text.__retarget_lock_release_recursive
                0x08001624        0x4 E:/Toolchain/arm-gnu-toolchain-13.3.rel1-mingw-w64-i686-arm-none-eabi/bin/../lib/gcc/arm-none-eabi/13.3.1/thumb/v7e-m/nofp\libg.a(libc_a-lock.o)
                0x08001624                __retarget_lock_release_recursive
 .text.startup.register_fini
                0x08001628       0x14 E:/Toolchain/arm-gnu-toolchain-13.3.rel1-mingw-w64-i686-arm-none-eabi/bin/../lib/gcc/arm-none-eabi/13.3.1/thumb/v7e-m/nofp\libg.a(libc_a-__call_atexit.o)
 .text.atexit   0x0800163c        0xc E:/Toolchain/arm-gnu-toolchain-13.3.rel1-mingw-w64-i686-arm-none-eabi/bin/../lib/gcc/arm-none-eabi/13.3.1/thumb/v7e-m/nofp\libg.a(libc_a-atexit.o)
                0x0800163c                atexit
 .text.__libc_fini_array
                0x08001648       0x28 E:/Toolchain/arm-gnu-toolchain-13.3.rel1-mingw-w64-i686-arm-none-eabi/bin/../lib/gcc/arm-none-eabi/13.3.1/thumb/v7e-m/nofp\libg.a(libc_a-fini.o)
                0x08001648                __libc_fini_array
 .text.__register_exitproc
                0x08001670       0x80 E:/Toolchain/arm-gnu-toolchain-13.3.rel1-mingw-w64-i686-arm-none-eabi/bin/../lib/gcc/arm-none-eabi/13.3.1/thumb/v7e-m/nofp\libg.a(libc_a-__atexit.o)
                0x08001670                __register_exitproc
 *(.glue_7)
 .glue_7        0x080016f0        0x0 linker stubs
 *(.glue_7t)
 .glue_7t       0x080016f0        0x0 linker stubs
 *(.eh_frame)
 .eh_frame      0x080016f0        0x0 E:/Toolchain/arm-gnu-toolchain-13.3.rel1-mingw-w64-i686-arm-none-eabi/bin/../lib/gcc/arm-none-eabi/13.3.1/thumb/v7e-m/nofp/crtbegin.o
 *(.init)
 .init          0x080016f0        0x4 E:/Toolchain/arm-gnu-toolchain-13.3.rel1-mingw-w64-i686-arm-none-eabi/bin/../lib/gcc/arm-none-eabi/13.3.1/thumb/v7e-m/nofp/crti.o
                0x080016f0                _init
 .init          0x080016f4        0x8 E:/Toolchain/arm-gnu-toolchain-13.3.rel1-mingw-w64-i686-arm-none-eabi/bin/../lib/gcc/arm-none-eabi/13.3.1/thumb/v7e-m/nofp/crtn.o
 *(.fini)
 .fini          0x080016fc        0x4 E:/Toolchain/arm-gnu-toolchain-13.3.rel1-mingw-w64-i686-arm-none-eabi/bin/../lib/gcc/arm-none-eabi/13.3.1/thumb/v7e-m/nofp/crti.o
                0x080016fc                _fini
 .fini          0x08001700        0x8 E:/Toolchain/arm-gnu-toolchain-13.3.rel1-mingw-w64-i686-arm-none-eabi/bin/../lib/gcc/arm-none-eabi/13.3.1/thumb/v7e-m/nofp/crtn.o
                0x08001708                        . = ALIGN (0x4)
                0x08001708                        _etext = .

.vfp11_veneer   0x08001708        0x0
 .vfp11_veneer  0x08001708        0x0 linker stubs

.v4_bx          0x08001708        0x0
 .v4_bx         0x08001708        0x0 linker stubs

.iplt           0x08001708        0x0
 .iplt          0x08001708        0x0 E:/Toolchain/arm-gnu-toolchain-13.3.rel1-mingw-w64-i686-arm-none-eabi/bin/../lib/gcc/arm-none-eabi/13.3.1/thumb/v7e-m/nofp/crtbegin.o

.rodata         0x08001708       0x18
                0x08001708                        . = ALIGN (0x4)
 *(.rodata)
 *(.rodata*)
 .rodata.APBPrescTable
                0x08001708        0x8 CMakeFiles/CLion_LED_USART_SH1106.elf.dir/Core/Src/system_stm32f4xx.c.obj
                0x08001708                APBPrescTable
 .rodata.AHBPrescTable
                0x08001710       0x10 CMakeFiles/CLion_LED_USART_SH1106.elf.dir/Core/Src/system_stm32f4xx.c.obj
                0x08001710                AHBPrescTable
                0x08001720                        . = ALIGN (0x4)

.ARM.extab      0x08001720        0x0
                0x08001720                        . = ALIGN (0x4)
 *(.ARM.extab* .gnu.linkonce.armextab.*)
                0x08001720                        . = ALIGN (0x4)

.ARM            0x08001720        0x8
                0x08001720                        . = ALIGN (0x4)
                0x08001720                        __exidx_start = .
 *(.ARM.exidx*)
 .ARM.exidx.text.__udivmoddi4
                0x08001720        0x8 E:/Toolchain/arm-gnu-toolchain-13.3.rel1-mingw-w64-i686-arm-none-eabi/bin/../lib/gcc/arm-none-eabi/13.3.1/thumb/v7e-m/nofp\libgcc.a(_udivmoddi4.o)
                0x08001728                        __exidx_end = .
                0x08001728                        . = ALIGN (0x4)

.preinit_array  0x08001728        0x0
                0x08001728                        . = ALIGN (0x4)
                0x08001728                        PROVIDE (__preinit_array_start = .)
 *(.preinit_array*)
                0x08001728                        PROVIDE (__preinit_array_end = .)
                0x08001728                        . = ALIGN (0x4)

.init_array     0x08001728        0x8
                0x08001728                        . = ALIGN (0x4)
                0x08001728                        PROVIDE (__init_array_start = .)
 *(SORT_BY_NAME(.init_array.*))
 .init_array.00000
                0x08001728        0x4 E:/Toolchain/arm-gnu-toolchain-13.3.rel1-mingw-w64-i686-arm-none-eabi/bin/../lib/gcc/arm-none-eabi/13.3.1/thumb/v7e-m/nofp\libg.a(libc_a-__call_atexit.o)
 *(.init_array*)
 .init_array    0x0800172c        0x4 E:/Toolchain/arm-gnu-toolchain-13.3.rel1-mingw-w64-i686-arm-none-eabi/bin/../lib/gcc/arm-none-eabi/13.3.1/thumb/v7e-m/nofp/crtbegin.o
                0x08001730                        PROVIDE (__init_array_end = .)
                0x08001730                        . = ALIGN (0x4)

.fini_array     0x08001730        0x4
                0x08001730                        . = ALIGN (0x4)
                0x08001730                        PROVIDE (__fini_array_start = .)
 *(SORT_BY_NAME(.fini_array.*))
 *(.fini_array*)
 .fini_array    0x08001730        0x4 E:/Toolchain/arm-gnu-toolchain-13.3.rel1-mingw-w64-i686-arm-none-eabi/bin/../lib/gcc/arm-none-eabi/13.3.1/thumb/v7e-m/nofp/crtbegin.o
                0x08001734                        PROVIDE (__fini_array_end = .)
                0x08001734                        . = ALIGN (0x4)
                0x08001734                        _sidata = LOADADDR (.data)

.rel.dyn        0x08001734        0x0
 .rel.iplt      0x08001734        0x0 E:/Toolchain/arm-gnu-toolchain-13.3.rel1-mingw-w64-i686-arm-none-eabi/bin/../lib/gcc/arm-none-eabi/13.3.1/thumb/v7e-m/nofp/crtbegin.o

.data           0x20000000       0x10 load address 0x08001734
                0x20000000                        . = ALIGN (0x4)
                0x20000000                        _sdata = .
 *(.data)
 *(.data*)
 .data.SystemCoreClock
                0x20000000        0x4 CMakeFiles/CLion_LED_USART_SH1106.elf.dir/Core/Src/system_stm32f4xx.c.obj
                0x20000000                SystemCoreClock
 .data.uwTickFreq
                0x20000004        0x1 CMakeFiles/CLion_LED_USART_SH1106.elf.dir/Drivers/STM32F4xx_HAL_Driver/Src/stm32f4xx_hal.c.obj
                0x20000004                uwTickFreq
 *fill*         0x20000005        0x3 
 .data.uwTickPrio
                0x20000008        0x4 CMakeFiles/CLion_LED_USART_SH1106.elf.dir/Drivers/STM32F4xx_HAL_Driver/Src/stm32f4xx_hal.c.obj
                0x20000008                uwTickPrio
 .data.__atexit_recursive_mutex
                0x2000000c        0x4 E:/Toolchain/arm-gnu-toolchain-13.3.rel1-mingw-w64-i686-arm-none-eabi/bin/../lib/gcc/arm-none-eabi/13.3.1/thumb/v7e-m/nofp\libg.a(libc_a-__call_atexit.o)
                0x2000000c                __atexit_recursive_mutex
 *(.RamFunc)
 *(.RamFunc*)
                0x20000010                        . = ALIGN (0x4)
                0x20000010                        _edata = .
                0x08001744                        _siccmram = LOADADDR (.ccmram)

.tm_clone_table
                0x20000010        0x0 load address 0x08001744
 .tm_clone_table
                0x20000010        0x0 E:/Toolchain/arm-gnu-toolchain-13.3.rel1-mingw-w64-i686-arm-none-eabi/bin/../lib/gcc/arm-none-eabi/13.3.1/thumb/v7e-m/nofp/crtbegin.o
 .tm_clone_table
                0x20000010        0x0 E:/Toolchain/arm-gnu-toolchain-13.3.rel1-mingw-w64-i686-arm-none-eabi/bin/../lib/gcc/arm-none-eabi/13.3.1/thumb/v7e-m/nofp/crtend.o

.igot.plt       0x20000010        0x0 load address 0x08001744
 .igot.plt      0x20000010        0x0 E:/Toolchain/arm-gnu-toolchain-13.3.rel1-mingw-w64-i686-arm-none-eabi/bin/../lib/gcc/arm-none-eabi/13.3.1/thumb/v7e-m/nofp/crtbegin.o

.ccmram         0x10000000        0x0 load address 0x08001744
                0x10000000                        . = ALIGN (0x4)
                0x10000000                        _sccmram = .
 *(.ccmram)
 *(.ccmram*)
                0x10000000                        . = ALIGN (0x4)
                0x10000000                        _eccmram = .
                0x10000000                        . = ALIGN (0x4)

.bss            0x20000010      0x258
                0x20000010                        _sbss = .
                0x20000010                        __bss_start__ = _sbss
 *(.bss)
 *(.bss*)
 .bss.completed.1
                0x20000010        0x1 E:/Toolchain/arm-gnu-toolchain-13.3.rel1-mingw-w64-i686-arm-none-eabi/bin/../lib/gcc/arm-none-eabi/13.3.1/thumb/v7e-m/nofp/crtbegin.o
 *fill*         0x20000011        0x3 
 .bss.object.0  0x20000014       0x18 E:/Toolchain/arm-gnu-toolchain-13.3.rel1-mingw-w64-i686-arm-none-eabi/bin/../lib/gcc/arm-none-eabi/13.3.1/thumb/v7e-m/nofp/crtbegin.o
 .bss.hspi1     0x2000002c       0x58 CMakeFiles/CLion_LED_USART_SH1106.elf.dir/Core/Src/spi.c.obj
                0x2000002c                hspi1
 .bss.huart1    0x20000084       0x48 CMakeFiles/CLion_LED_USART_SH1106.elf.dir/Core/Src/usart.c.obj
                0x20000084                huart1
 .bss.uwTick    0x200000cc        0x4 CMakeFiles/CLion_LED_USART_SH1106.elf.dir/Drivers/STM32F4xx_HAL_Driver/Src/stm32f4xx_hal.c.obj
                0x200000cc                uwTick
 .bss.__lock___atexit_recursive_mutex
                0x200000d0        0x1 E:/Toolchain/arm-gnu-toolchain-13.3.rel1-mingw-w64-i686-arm-none-eabi/bin/../lib/gcc/arm-none-eabi/13.3.1/thumb/v7e-m/nofp\libg.a(libc_a-lock.o)
                0x200000d0                __lock___atexit_recursive_mutex
 *fill*         0x200000d1        0x3 
 .bss.__atexit  0x200000d4        0x4 E:/Toolchain/arm-gnu-toolchain-13.3.rel1-mingw-w64-i686-arm-none-eabi/bin/../lib/gcc/arm-none-eabi/13.3.1/thumb/v7e-m/nofp\libg.a(libc_a-__call_atexit.o)
                0x200000d4                __atexit
 .bss.__atexit0
                0x200000d8      0x190 E:/Toolchain/arm-gnu-toolchain-13.3.rel1-mingw-w64-i686-arm-none-eabi/bin/../lib/gcc/arm-none-eabi/13.3.1/thumb/v7e-m/nofp\libg.a(libc_a-__atexit.o)
                0x200000d8                __atexit0
 *(COMMON)
                0x20000268                        . = ALIGN (0x4)
                0x20000268                        _ebss = .
                0x20000268                        __bss_end__ = _ebss

._user_heap_stack
                0x20000268      0x600
                0x20000268                        . = ALIGN (0x8)
                [!provide]                        PROVIDE (end = .)
                0x20000268                        PROVIDE (_end = .)
                0x20000468                        . = (. + _Min_Heap_Size)
 *fill*         0x20000268      0x200 
                0x20000868                        . = (. + _Min_Stack_Size)
 *fill*         0x20000468      0x400 
                0x20000868                        . = ALIGN (0x8)

/DISCARD/
 libc.a(*)
 libm.a(*)
 libgcc.a(*)

.ARM.attributes
                0x00000000       0x2a
 *(.ARM.attributes)
 .ARM.attributes
                0x00000000       0x1e E:/Toolchain/arm-gnu-toolchain-13.3.rel1-mingw-w64-i686-arm-none-eabi/bin/../lib/gcc/arm-none-eabi/13.3.1/thumb/v7e-m/nofp/crti.o
 .ARM.attributes
                0x0000001e       0x2e E:/Toolchain/arm-gnu-toolchain-13.3.rel1-mingw-w64-i686-arm-none-eabi/bin/../lib/gcc/arm-none-eabi/13.3.1/thumb/v7e-m/nofp/crtbegin.o
 .ARM.attributes
                0x0000004c       0x2e CMakeFiles/CLion_LED_USART_SH1106.elf.dir/Core/Src/gpio.c.obj
 .ARM.attributes
                0x0000007a       0x2e CMakeFiles/CLion_LED_USART_SH1106.elf.dir/Core/Src/main.c.obj
 .ARM.attributes
                0x000000a8       0x2e CMakeFiles/CLion_LED_USART_SH1106.elf.dir/Core/Src/spi.c.obj
 .ARM.attributes
                0x000000d6       0x2e CMakeFiles/CLion_LED_USART_SH1106.elf.dir/Core/Src/stm32f4xx_hal_msp.c.obj
 .ARM.attributes
                0x00000104       0x2e CMakeFiles/CLion_LED_USART_SH1106.elf.dir/Core/Src/stm32f4xx_it.c.obj
 .ARM.attributes
                0x00000132       0x2e CMakeFiles/CLion_LED_USART_SH1106.elf.dir/Core/Src/system_stm32f4xx.c.obj
 .ARM.attributes
                0x00000160       0x2e CMakeFiles/CLion_LED_USART_SH1106.elf.dir/Core/Src/usart.c.obj
 .ARM.attributes
                0x0000018e       0x21 CMakeFiles/CLion_LED_USART_SH1106.elf.dir/Core/Startup/startup_stm32f407vetx.s.obj
 .ARM.attributes
                0x000001af       0x2e CMakeFiles/CLion_LED_USART_SH1106.elf.dir/Drivers/STM32F4xx_HAL_Driver/Src/stm32f4xx_hal.c.obj
 .ARM.attributes
                0x000001dd       0x2e CMakeFiles/CLion_LED_USART_SH1106.elf.dir/Drivers/STM32F4xx_HAL_Driver/Src/stm32f4xx_hal_cortex.c.obj
 .ARM.attributes
                0x0000020b       0x2e CMakeFiles/CLion_LED_USART_SH1106.elf.dir/Drivers/STM32F4xx_HAL_Driver/Src/stm32f4xx_hal_gpio.c.obj
 .ARM.attributes
                0x00000239       0x2e CMakeFiles/CLion_LED_USART_SH1106.elf.dir/Drivers/STM32F4xx_HAL_Driver/Src/stm32f4xx_hal_rcc.c.obj
 .ARM.attributes
                0x00000267       0x2e CMakeFiles/CLion_LED_USART_SH1106.elf.dir/Drivers/STM32F4xx_HAL_Driver/Src/stm32f4xx_hal_spi.c.obj
 .ARM.attributes
                0x00000295       0x2e CMakeFiles/CLion_LED_USART_SH1106.elf.dir/Drivers/STM32F4xx_HAL_Driver/Src/stm32f4xx_hal_uart.c.obj
 .ARM.attributes
                0x000002c3       0x1e E:/Toolchain/arm-gnu-toolchain-13.3.rel1-mingw-w64-i686-arm-none-eabi/bin/../lib/gcc/arm-none-eabi/13.3.1/thumb/v7e-m/nofp\libgcc.a(_aeabi_uldivmod.o)
 .ARM.attributes
                0x000002e1       0x2e E:/Toolchain/arm-gnu-toolchain-13.3.rel1-mingw-w64-i686-arm-none-eabi/bin/../lib/gcc/arm-none-eabi/13.3.1/thumb/v7e-m/nofp\libgcc.a(_udivmoddi4.o)
 .ARM.attributes
                0x0000030f       0x1e E:/Toolchain/arm-gnu-toolchain-13.3.rel1-mingw-w64-i686-arm-none-eabi/bin/../lib/gcc/arm-none-eabi/13.3.1/thumb/v7e-m/nofp\libgcc.a(_dvmd_tls.o)
 .ARM.attributes
                0x0000032d       0x2e E:/Toolchain/arm-gnu-toolchain-13.3.rel1-mingw-w64-i686-arm-none-eabi/bin/../lib/gcc/arm-none-eabi/13.3.1/thumb/v7e-m/nofp\libg.a(libc_a-memset.o)
 .ARM.attributes
                0x0000035b       0x2e E:/Toolchain/arm-gnu-toolchain-13.3.rel1-mingw-w64-i686-arm-none-eabi/bin/../lib/gcc/arm-none-eabi/13.3.1/thumb/v7e-m/nofp\libg.a(libc_a-init.o)
 .ARM.attributes
                0x00000389       0x2e E:/Toolchain/arm-gnu-toolchain-13.3.rel1-mingw-w64-i686-arm-none-eabi/bin/../lib/gcc/arm-none-eabi/13.3.1/thumb/v7e-m/nofp\libg.a(libc_a-lock.o)
 .ARM.attributes
                0x000003b7       0x2e E:/Toolchain/arm-gnu-toolchain-13.3.rel1-mingw-w64-i686-arm-none-eabi/bin/../lib/gcc/arm-none-eabi/13.3.1/thumb/v7e-m/nofp\libg.a(libc_a-__call_atexit.o)
 .ARM.attributes
                0x000003e5       0x2e E:/Toolchain/arm-gnu-toolchain-13.3.rel1-mingw-w64-i686-arm-none-eabi/bin/../lib/gcc/arm-none-eabi/13.3.1/thumb/v7e-m/nofp\libg.a(libc_a-atexit.o)
 .ARM.attributes
                0x00000413       0x2e E:/Toolchain/arm-gnu-toolchain-13.3.rel1-mingw-w64-i686-arm-none-eabi/bin/../lib/gcc/arm-none-eabi/13.3.1/thumb/v7e-m/nofp\libg.a(libc_a-fini.o)
 .ARM.attributes
                0x00000441       0x2e E:/Toolchain/arm-gnu-toolchain-13.3.rel1-mingw-w64-i686-arm-none-eabi/bin/../lib/gcc/arm-none-eabi/13.3.1/thumb/v7e-m/nofp\libg.a(libc_a-__atexit.o)
 .ARM.attributes
                0x0000046f       0x2e E:/Toolchain/arm-gnu-toolchain-13.3.rel1-mingw-w64-i686-arm-none-eabi/bin/../lib/gcc/arm-none-eabi/13.3.1/thumb/v7e-m/nofp/crtend.o
 .ARM.attributes
                0x0000049d       0x1e E:/Toolchain/arm-gnu-toolchain-13.3.rel1-mingw-w64-i686-arm-none-eabi/bin/../lib/gcc/arm-none-eabi/13.3.1/thumb/v7e-m/nofp/crtn.o
OUTPUT(CLion_LED_USART_SH1106.elf elf32-littlearm)
LOAD linker stubs
LOAD E:/Toolchain/arm-gnu-toolchain-13.3.rel1-mingw-w64-i686-arm-none-eabi/bin/../lib/gcc/arm-none-eabi/13.3.1/thumb/v7e-m/nofp\libc.a
LOAD E:/Toolchain/arm-gnu-toolchain-13.3.rel1-mingw-w64-i686-arm-none-eabi/bin/../lib/gcc/arm-none-eabi/13.3.1/thumb/v7e-m/nofp\libm.a
LOAD E:/Toolchain/arm-gnu-toolchain-13.3.rel1-mingw-w64-i686-arm-none-eabi/bin/../lib/gcc/arm-none-eabi/13.3.1/thumb/v7e-m/nofp\libgcc.a

.debug_info     0x00000000     0xad45
 .debug_info    0x00000000      0x4ce CMakeFiles/CLion_LED_USART_SH1106.elf.dir/Core/Src/gpio.c.obj
 .debug_info    0x000004ce      0x659 CMakeFiles/CLion_LED_USART_SH1106.elf.dir/Core/Src/main.c.obj
 .debug_info    0x00000b27      0x9aa CMakeFiles/CLion_LED_USART_SH1106.elf.dir/Core/Src/spi.c.obj
 .debug_info    0x000014d1      0x265 CMakeFiles/CLion_LED_USART_SH1106.elf.dir/Core/Src/stm32f4xx_hal_msp.c.obj
 .debug_info    0x00001736      0x11c CMakeFiles/CLion_LED_USART_SH1106.elf.dir/Core/Src/stm32f4xx_it.c.obj
 .debug_info    0x00001852      0x334 CMakeFiles/CLion_LED_USART_SH1106.elf.dir/Core/Src/system_stm32f4xx.c.obj
 .debug_info    0x00001b86      0x97b CMakeFiles/CLion_LED_USART_SH1106.elf.dir/Core/Src/usart.c.obj
 .debug_info    0x00002501       0x30 CMakeFiles/CLion_LED_USART_SH1106.elf.dir/Core/Startup/startup_stm32f407vetx.s.obj
 .debug_info    0x00002531      0x9e2 CMakeFiles/CLion_LED_USART_SH1106.elf.dir/Drivers/STM32F4xx_HAL_Driver/Src/stm32f4xx_hal.c.obj
 .debug_info    0x00002f13      0xff5 CMakeFiles/CLion_LED_USART_SH1106.elf.dir/Drivers/STM32F4xx_HAL_Driver/Src/stm32f4xx_hal_cortex.c.obj
 .debug_info    0x00003f08      0x704 CMakeFiles/CLion_LED_USART_SH1106.elf.dir/Drivers/STM32F4xx_HAL_Driver/Src/stm32f4xx_hal_gpio.c.obj
 .debug_info    0x0000460c      0xa6d CMakeFiles/CLion_LED_USART_SH1106.elf.dir/Drivers/STM32F4xx_HAL_Driver/Src/stm32f4xx_hal_rcc.c.obj
 .debug_info    0x00005079     0x1ccc CMakeFiles/CLion_LED_USART_SH1106.elf.dir/Drivers/STM32F4xx_HAL_Driver/Src/stm32f4xx_hal_spi.c.obj
 .debug_info    0x00006d45     0x4000 CMakeFiles/CLion_LED_USART_SH1106.elf.dir/Drivers/STM32F4xx_HAL_Driver/Src/stm32f4xx_hal_uart.c.obj

.debug_abbrev   0x00000000     0x1a6c
 .debug_abbrev  0x00000000      0x164 CMakeFiles/CLion_LED_USART_SH1106.elf.dir/Core/Src/gpio.c.obj
 .debug_abbrev  0x00000164      0x208 CMakeFiles/CLion_LED_USART_SH1106.elf.dir/Core/Src/main.c.obj
 .debug_abbrev  0x0000036c      0x218 CMakeFiles/CLion_LED_USART_SH1106.elf.dir/Core/Src/spi.c.obj
 .debug_abbrev  0x00000584       0xd6 CMakeFiles/CLion_LED_USART_SH1106.elf.dir/Core/Src/stm32f4xx_hal_msp.c.obj
 .debug_abbrev  0x0000065a       0x7c CMakeFiles/CLion_LED_USART_SH1106.elf.dir/Core/Src/stm32f4xx_it.c.obj
 .debug_abbrev  0x000006d6      0x120 CMakeFiles/CLion_LED_USART_SH1106.elf.dir/Core/Src/system_stm32f4xx.c.obj
 .debug_abbrev  0x000007f6      0x217 CMakeFiles/CLion_LED_USART_SH1106.elf.dir/Core/Src/usart.c.obj
 .debug_abbrev  0x00000a0d       0x24 CMakeFiles/CLion_LED_USART_SH1106.elf.dir/Core/Startup/startup_stm32f407vetx.s.obj
 .debug_abbrev  0x00000a31      0x240 CMakeFiles/CLion_LED_USART_SH1106.elf.dir/Drivers/STM32F4xx_HAL_Driver/Src/stm32f4xx_hal.c.obj
 .debug_abbrev  0x00000c71      0x391 CMakeFiles/CLion_LED_USART_SH1106.elf.dir/Drivers/STM32F4xx_HAL_Driver/Src/stm32f4xx_hal_cortex.c.obj
 .debug_abbrev  0x00001002      0x202 CMakeFiles/CLion_LED_USART_SH1106.elf.dir/Drivers/STM32F4xx_HAL_Driver/Src/stm32f4xx_hal_gpio.c.obj
 .debug_abbrev  0x00001204      0x2c7 CMakeFiles/CLion_LED_USART_SH1106.elf.dir/Drivers/STM32F4xx_HAL_Driver/Src/stm32f4xx_hal_rcc.c.obj
 .debug_abbrev  0x000014cb      0x272 CMakeFiles/CLion_LED_USART_SH1106.elf.dir/Drivers/STM32F4xx_HAL_Driver/Src/stm32f4xx_hal_spi.c.obj
 .debug_abbrev  0x0000173d      0x32f CMakeFiles/CLion_LED_USART_SH1106.elf.dir/Drivers/STM32F4xx_HAL_Driver/Src/stm32f4xx_hal_uart.c.obj

.debug_aranges  0x00000000      0x820
 .debug_aranges
                0x00000000       0x20 CMakeFiles/CLion_LED_USART_SH1106.elf.dir/Core/Src/gpio.c.obj
 .debug_aranges
                0x00000020       0x30 CMakeFiles/CLion_LED_USART_SH1106.elf.dir/Core/Src/main.c.obj
 .debug_aranges
                0x00000050       0x30 CMakeFiles/CLion_LED_USART_SH1106.elf.dir/Core/Src/spi.c.obj
 .debug_aranges
                0x00000080       0x20 CMakeFiles/CLion_LED_USART_SH1106.elf.dir/Core/Src/stm32f4xx_hal_msp.c.obj
 .debug_aranges
                0x000000a0       0x60 CMakeFiles/CLion_LED_USART_SH1106.elf.dir/Core/Src/stm32f4xx_it.c.obj
 .debug_aranges
                0x00000100       0x28 CMakeFiles/CLion_LED_USART_SH1106.elf.dir/Core/Src/system_stm32f4xx.c.obj
 .debug_aranges
                0x00000128       0x30 CMakeFiles/CLion_LED_USART_SH1106.elf.dir/Core/Src/usart.c.obj
 .debug_aranges
                0x00000158       0x28 CMakeFiles/CLion_LED_USART_SH1106.elf.dir/Core/Startup/startup_stm32f407vetx.s.obj
 .debug_aranges
                0x00000180       0xf0 CMakeFiles/CLion_LED_USART_SH1106.elf.dir/Drivers/STM32F4xx_HAL_Driver/Src/stm32f4xx_hal.c.obj
 .debug_aranges
                0x00000270       0xf8 CMakeFiles/CLion_LED_USART_SH1106.elf.dir/Drivers/STM32F4xx_HAL_Driver/Src/stm32f4xx_hal_cortex.c.obj
 .debug_aranges
                0x00000368       0x58 CMakeFiles/CLion_LED_USART_SH1106.elf.dir/Drivers/STM32F4xx_HAL_Driver/Src/stm32f4xx_hal_gpio.c.obj
 .debug_aranges
                0x000003c0       0x88 CMakeFiles/CLion_LED_USART_SH1106.elf.dir/Drivers/STM32F4xx_HAL_Driver/Src/stm32f4xx_hal_rcc.c.obj
 .debug_aranges
                0x00000448      0x1d0 CMakeFiles/CLion_LED_USART_SH1106.elf.dir/Drivers/STM32F4xx_HAL_Driver/Src/stm32f4xx_hal_spi.c.obj
 .debug_aranges
                0x00000618      0x208 CMakeFiles/CLion_LED_USART_SH1106.elf.dir/Drivers/STM32F4xx_HAL_Driver/Src/stm32f4xx_hal_uart.c.obj

.debug_rnglists
                0x00000000      0x61e
 .debug_rnglists
                0x00000000       0x14 CMakeFiles/CLion_LED_USART_SH1106.elf.dir/Core/Src/gpio.c.obj
 .debug_rnglists
                0x00000014       0x20 CMakeFiles/CLion_LED_USART_SH1106.elf.dir/Core/Src/main.c.obj
 .debug_rnglists
                0x00000034       0x1f CMakeFiles/CLion_LED_USART_SH1106.elf.dir/Core/Src/spi.c.obj
 .debug_rnglists
                0x00000053       0x13 CMakeFiles/CLion_LED_USART_SH1106.elf.dir/Core/Src/stm32f4xx_hal_msp.c.obj
 .debug_rnglists
                0x00000066       0x43 CMakeFiles/CLion_LED_USART_SH1106.elf.dir/Core/Src/stm32f4xx_it.c.obj
 .debug_rnglists
                0x000000a9       0x1a CMakeFiles/CLion_LED_USART_SH1106.elf.dir/Core/Src/system_stm32f4xx.c.obj
 .debug_rnglists
                0x000000c3       0x1f CMakeFiles/CLion_LED_USART_SH1106.elf.dir/Core/Src/usart.c.obj
 .debug_rnglists
                0x000000e2       0x19 CMakeFiles/CLion_LED_USART_SH1106.elf.dir/Core/Startup/startup_stm32f407vetx.s.obj
 .debug_rnglists
                0x000000fb       0xaf CMakeFiles/CLion_LED_USART_SH1106.elf.dir/Drivers/STM32F4xx_HAL_Driver/Src/stm32f4xx_hal.c.obj
 .debug_rnglists
                0x000001aa       0xb5 CMakeFiles/CLion_LED_USART_SH1106.elf.dir/Drivers/STM32F4xx_HAL_Driver/Src/stm32f4xx_hal_cortex.c.obj
 .debug_rnglists
                0x0000025f       0x3f CMakeFiles/CLion_LED_USART_SH1106.elf.dir/Drivers/STM32F4xx_HAL_Driver/Src/stm32f4xx_hal_gpio.c.obj
 .debug_rnglists
                0x0000029e       0x75 CMakeFiles/CLion_LED_USART_SH1106.elf.dir/Drivers/STM32F4xx_HAL_Driver/Src/stm32f4xx_hal_rcc.c.obj
 .debug_rnglists
                0x00000313      0x16a CMakeFiles/CLion_LED_USART_SH1106.elf.dir/Drivers/STM32F4xx_HAL_Driver/Src/stm32f4xx_hal_spi.c.obj
 .debug_rnglists
                0x0000047d      0x1a1 CMakeFiles/CLion_LED_USART_SH1106.elf.dir/Drivers/STM32F4xx_HAL_Driver/Src/stm32f4xx_hal_uart.c.obj

.debug_line     0x00000000     0x9319
 .debug_line    0x00000000      0x2b6 CMakeFiles/CLion_LED_USART_SH1106.elf.dir/Core/Src/gpio.c.obj
 .debug_line    0x000002b6      0x43c CMakeFiles/CLion_LED_USART_SH1106.elf.dir/Core/Src/main.c.obj
 .debug_line    0x000006f2      0x3c2 CMakeFiles/CLion_LED_USART_SH1106.elf.dir/Core/Src/spi.c.obj
 .debug_line    0x00000ab4      0x1dd CMakeFiles/CLion_LED_USART_SH1106.elf.dir/Core/Src/stm32f4xx_hal_msp.c.obj
 .debug_line    0x00000c91      0x199 CMakeFiles/CLion_LED_USART_SH1106.elf.dir/Core/Src/stm32f4xx_it.c.obj
 .debug_line    0x00000e2a      0x2a4 CMakeFiles/CLion_LED_USART_SH1106.elf.dir/Core/Src/system_stm32f4xx.c.obj
 .debug_line    0x000010ce      0x3a7 CMakeFiles/CLion_LED_USART_SH1106.elf.dir/Core/Src/usart.c.obj
 .debug_line    0x00001475       0x7a CMakeFiles/CLion_LED_USART_SH1106.elf.dir/Core/Startup/startup_stm32f407vetx.s.obj
 .debug_line    0x000014ef      0x649 CMakeFiles/CLion_LED_USART_SH1106.elf.dir/Drivers/STM32F4xx_HAL_Driver/Src/stm32f4xx_hal.c.obj
 .debug_line    0x00001b38      0x90c CMakeFiles/CLion_LED_USART_SH1106.elf.dir/Drivers/STM32F4xx_HAL_Driver/Src/stm32f4xx_hal_cortex.c.obj
 .debug_line    0x00002444      0x7a9 CMakeFiles/CLion_LED_USART_SH1106.elf.dir/Drivers/STM32F4xx_HAL_Driver/Src/stm32f4xx_hal_gpio.c.obj
 .debug_line    0x00002bed      0xc72 CMakeFiles/CLion_LED_USART_SH1106.elf.dir/Drivers/STM32F4xx_HAL_Driver/Src/stm32f4xx_hal_rcc.c.obj
 .debug_line    0x0000385f     0x251b CMakeFiles/CLion_LED_USART_SH1106.elf.dir/Drivers/STM32F4xx_HAL_Driver/Src/stm32f4xx_hal_spi.c.obj
 .debug_line    0x00005d7a     0x359f CMakeFiles/CLion_LED_USART_SH1106.elf.dir/Drivers/STM32F4xx_HAL_Driver/Src/stm32f4xx_hal_uart.c.obj

.debug_str      0x00000000     0x2ae8
 .debug_str     0x00000000     0x2ae8 CMakeFiles/CLion_LED_USART_SH1106.elf.dir/Core/Src/gpio.c.obj
                                0x3be (size before relaxing)
 .debug_str     0x00002ae8      0x556 CMakeFiles/CLion_LED_USART_SH1106.elf.dir/Core/Src/main.c.obj
 .debug_str     0x00002ae8      0x84b CMakeFiles/CLion_LED_USART_SH1106.elf.dir/Core/Src/spi.c.obj
 .debug_str     0x00002ae8      0x2ff CMakeFiles/CLion_LED_USART_SH1106.elf.dir/Core/Src/stm32f4xx_hal_msp.c.obj
 .debug_str     0x00002ae8      0x273 CMakeFiles/CLion_LED_USART_SH1106.elf.dir/Core/Src/stm32f4xx_it.c.obj
 .debug_str     0x00002ae8      0x365 CMakeFiles/CLion_LED_USART_SH1106.elf.dir/Core/Src/system_stm32f4xx.c.obj
 .debug_str     0x00002ae8      0x87a CMakeFiles/CLion_LED_USART_SH1106.elf.dir/Core/Src/usart.c.obj
 .debug_str     0x00002ae8       0xb5 CMakeFiles/CLion_LED_USART_SH1106.elf.dir/Core/Startup/startup_stm32f407vetx.s.obj
 .debug_str     0x00002ae8      0xba8 CMakeFiles/CLion_LED_USART_SH1106.elf.dir/Drivers/STM32F4xx_HAL_Driver/Src/stm32f4xx_hal.c.obj
 .debug_str     0x00002ae8      0xcb9 CMakeFiles/CLion_LED_USART_SH1106.elf.dir/Drivers/STM32F4xx_HAL_Driver/Src/stm32f4xx_hal_cortex.c.obj
 .debug_str     0x00002ae8      0x524 CMakeFiles/CLion_LED_USART_SH1106.elf.dir/Drivers/STM32F4xx_HAL_Driver/Src/stm32f4xx_hal_gpio.c.obj
 .debug_str     0x00002ae8      0x74a CMakeFiles/CLion_LED_USART_SH1106.elf.dir/Drivers/STM32F4xx_HAL_Driver/Src/stm32f4xx_hal_rcc.c.obj
 .debug_str     0x00002ae8      0xc38 CMakeFiles/CLion_LED_USART_SH1106.elf.dir/Drivers/STM32F4xx_HAL_Driver/Src/stm32f4xx_hal_spi.c.obj
 .debug_str     0x00002ae8      0xddf CMakeFiles/CLion_LED_USART_SH1106.elf.dir/Drivers/STM32F4xx_HAL_Driver/Src/stm32f4xx_hal_uart.c.obj

.comment        0x00000000       0x45
 .comment       0x00000000       0x45 CMakeFiles/CLion_LED_USART_SH1106.elf.dir/Core/Src/gpio.c.obj
                                 0x46 (size before relaxing)
 .comment       0x00000045       0x46 CMakeFiles/CLion_LED_USART_SH1106.elf.dir/Core/Src/main.c.obj
 .comment       0x00000045       0x46 CMakeFiles/CLion_LED_USART_SH1106.elf.dir/Core/Src/spi.c.obj
 .comment       0x00000045       0x46 CMakeFiles/CLion_LED_USART_SH1106.elf.dir/Core/Src/stm32f4xx_hal_msp.c.obj
 .comment       0x00000045       0x46 CMakeFiles/CLion_LED_USART_SH1106.elf.dir/Core/Src/stm32f4xx_it.c.obj
 .comment       0x00000045       0x46 CMakeFiles/CLion_LED_USART_SH1106.elf.dir/Core/Src/system_stm32f4xx.c.obj
 .comment       0x00000045       0x46 CMakeFiles/CLion_LED_USART_SH1106.elf.dir/Core/Src/usart.c.obj
 .comment       0x00000045       0x46 CMakeFiles/CLion_LED_USART_SH1106.elf.dir/Drivers/STM32F4xx_HAL_Driver/Src/stm32f4xx_hal.c.obj
 .comment       0x00000045       0x46 CMakeFiles/CLion_LED_USART_SH1106.elf.dir/Drivers/STM32F4xx_HAL_Driver/Src/stm32f4xx_hal_cortex.c.obj
 .comment       0x00000045       0x46 CMakeFiles/CLion_LED_USART_SH1106.elf.dir/Drivers/STM32F4xx_HAL_Driver/Src/stm32f4xx_hal_gpio.c.obj
 .comment       0x00000045       0x46 CMakeFiles/CLion_LED_USART_SH1106.elf.dir/Drivers/STM32F4xx_HAL_Driver/Src/stm32f4xx_hal_rcc.c.obj
 .comment       0x00000045       0x46 CMakeFiles/CLion_LED_USART_SH1106.elf.dir/Drivers/STM32F4xx_HAL_Driver/Src/stm32f4xx_hal_spi.c.obj
 .comment       0x00000045       0x46 CMakeFiles/CLion_LED_USART_SH1106.elf.dir/Drivers/STM32F4xx_HAL_Driver/Src/stm32f4xx_hal_uart.c.obj

.debug_frame    0x00000000     0x1680
 .debug_frame   0x00000000       0x38 CMakeFiles/CLion_LED_USART_SH1106.elf.dir/Core/Src/gpio.c.obj
 .debug_frame   0x00000038       0x58 CMakeFiles/CLion_LED_USART_SH1106.elf.dir/Core/Src/main.c.obj
 .debug_frame   0x00000090       0x60 CMakeFiles/CLion_LED_USART_SH1106.elf.dir/Core/Src/spi.c.obj
 .debug_frame   0x000000f0       0x28 CMakeFiles/CLion_LED_USART_SH1106.elf.dir/Core/Src/stm32f4xx_hal_msp.c.obj
 .debug_frame   0x00000118       0xa8 CMakeFiles/CLion_LED_USART_SH1106.elf.dir/Core/Src/stm32f4xx_it.c.obj
 .debug_frame   0x000001c0       0x30 CMakeFiles/CLion_LED_USART_SH1106.elf.dir/Core/Src/system_stm32f4xx.c.obj
 .debug_frame   0x000001f0       0x60 CMakeFiles/CLion_LED_USART_SH1106.elf.dir/Core/Src/usart.c.obj
 .debug_frame   0x00000250      0x1ec CMakeFiles/CLion_LED_USART_SH1106.elf.dir/Drivers/STM32F4xx_HAL_Driver/Src/stm32f4xx_hal.c.obj
 .debug_frame   0x0000043c      0x214 CMakeFiles/CLion_LED_USART_SH1106.elf.dir/Drivers/STM32F4xx_HAL_Driver/Src/stm32f4xx_hal_cortex.c.obj
 .debug_frame   0x00000650       0xd4 CMakeFiles/CLion_LED_USART_SH1106.elf.dir/Drivers/STM32F4xx_HAL_Driver/Src/stm32f4xx_hal_gpio.c.obj
 .debug_frame   0x00000724      0x16c CMakeFiles/CLion_LED_USART_SH1106.elf.dir/Drivers/STM32F4xx_HAL_Driver/Src/stm32f4xx_hal_rcc.c.obj
 .debug_frame   0x00000890      0x5c8 CMakeFiles/CLion_LED_USART_SH1106.elf.dir/Drivers/STM32F4xx_HAL_Driver/Src/stm32f4xx_hal_spi.c.obj
 .debug_frame   0x00000e58      0x5dc CMakeFiles/CLion_LED_USART_SH1106.elf.dir/Drivers/STM32F4xx_HAL_Driver/Src/stm32f4xx_hal_uart.c.obj
 .debug_frame   0x00001434       0x2c E:/Toolchain/arm-gnu-toolchain-13.3.rel1-mingw-w64-i686-arm-none-eabi/bin/../lib/gcc/arm-none-eabi/13.3.1/thumb/v7e-m/nofp\libgcc.a(_aeabi_uldivmod.o)
 .debug_frame   0x00001460       0x34 E:/Toolchain/arm-gnu-toolchain-13.3.rel1-mingw-w64-i686-arm-none-eabi/bin/../lib/gcc/arm-none-eabi/13.3.1/thumb/v7e-m/nofp\libgcc.a(_udivmoddi4.o)
 .debug_frame   0x00001494       0x2c E:/Toolchain/arm-gnu-toolchain-13.3.rel1-mingw-w64-i686-arm-none-eabi/bin/../lib/gcc/arm-none-eabi/13.3.1/thumb/v7e-m/nofp\libg.a(libc_a-memset.o)
 .debug_frame   0x000014c0       0x2c E:/Toolchain/arm-gnu-toolchain-13.3.rel1-mingw-w64-i686-arm-none-eabi/bin/../lib/gcc/arm-none-eabi/13.3.1/thumb/v7e-m/nofp\libg.a(libc_a-init.o)
 .debug_frame   0x000014ec       0xb0 E:/Toolchain/arm-gnu-toolchain-13.3.rel1-mingw-w64-i686-arm-none-eabi/bin/../lib/gcc/arm-none-eabi/13.3.1/thumb/v7e-m/nofp\libg.a(libc_a-lock.o)
 .debug_frame   0x0000159c       0x5c E:/Toolchain/arm-gnu-toolchain-13.3.rel1-mingw-w64-i686-arm-none-eabi/bin/../lib/gcc/arm-none-eabi/13.3.1/thumb/v7e-m/nofp\libg.a(libc_a-__call_atexit.o)
 .debug_frame   0x000015f8       0x20 E:/Toolchain/arm-gnu-toolchain-13.3.rel1-mingw-w64-i686-arm-none-eabi/bin/../lib/gcc/arm-none-eabi/13.3.1/thumb/v7e-m/nofp\libg.a(libc_a-atexit.o)
 .debug_frame   0x00001618       0x34 E:/Toolchain/arm-gnu-toolchain-13.3.rel1-mingw-w64-i686-arm-none-eabi/bin/../lib/gcc/arm-none-eabi/13.3.1/thumb/v7e-m/nofp\libg.a(libc_a-fini.o)
 .debug_frame   0x0000164c       0x34 E:/Toolchain/arm-gnu-toolchain-13.3.rel1-mingw-w64-i686-arm-none-eabi/bin/../lib/gcc/arm-none-eabi/13.3.1/thumb/v7e-m/nofp\libg.a(libc_a-__atexit.o)

.debug_loclists
                0x00000000     0x5104
 .debug_loclists
                0x00000000       0x74 CMakeFiles/CLion_LED_USART_SH1106.elf.dir/Core/Src/spi.c.obj
 .debug_loclists
                0x00000074       0xfa CMakeFiles/CLion_LED_USART_SH1106.elf.dir/Core/Src/system_stm32f4xx.c.obj
 .debug_loclists
                0x0000016e       0x74 CMakeFiles/CLion_LED_USART_SH1106.elf.dir/Core/Src/usart.c.obj
 .debug_loclists
                0x000001e2       0xe1 CMakeFiles/CLion_LED_USART_SH1106.elf.dir/Drivers/STM32F4xx_HAL_Driver/Src/stm32f4xx_hal.c.obj
 .debug_loclists
                0x000002c3      0x54d CMakeFiles/CLion_LED_USART_SH1106.elf.dir/Drivers/STM32F4xx_HAL_Driver/Src/stm32f4xx_hal_cortex.c.obj
 .debug_loclists
                0x00000810      0x386 CMakeFiles/CLion_LED_USART_SH1106.elf.dir/Drivers/STM32F4xx_HAL_Driver/Src/stm32f4xx_hal_gpio.c.obj
 .debug_loclists
                0x00000b96      0x3e5 CMakeFiles/CLion_LED_USART_SH1106.elf.dir/Drivers/STM32F4xx_HAL_Driver/Src/stm32f4xx_hal_rcc.c.obj
 .debug_loclists
                0x00000f7b     0x1500 CMakeFiles/CLion_LED_USART_SH1106.elf.dir/Drivers/STM32F4xx_HAL_Driver/Src/stm32f4xx_hal_spi.c.obj
 .debug_loclists
                0x0000247b     0x2c89 CMakeFiles/CLion_LED_USART_SH1106.elf.dir/Drivers/STM32F4xx_HAL_Driver/Src/stm32f4xx_hal_uart.c.obj

.debug_line_str
                0x00000000      0x16b
 .debug_line_str
                0x00000000      0x16b CMakeFiles/CLion_LED_USART_SH1106.elf.dir/Core/Startup/startup_stm32f407vetx.s.obj
                                 0x99 (size before relaxing)
 .debug_line_str
                0x0000016b       0xc6 E:/Toolchain/arm-gnu-toolchain-13.3.rel1-mingw-w64-i686-arm-none-eabi/bin/../lib/gcc/arm-none-eabi/13.3.1/thumb/v7e-m/nofp\libgcc.a(_aeabi_uldivmod.o)
 .debug_line_str
                0x0000016b       0xca E:/Toolchain/arm-gnu-toolchain-13.3.rel1-mingw-w64-i686-arm-none-eabi/bin/../lib/gcc/arm-none-eabi/13.3.1/thumb/v7e-m/nofp\libgcc.a(_dvmd_tls.o)
